// Vitest Snapshot v1, https://vitest.dev/guide/snapshot.html

exports[`the ConnectionOptionsDialog component > when not connected to a room > should render correctly 1`] = `
<div
  aria-hidden="true"
/>
`;

exports[`the ConnectionOptionsDialog component > when not connected to a room > when connected to a room > should render correctly 1`] = `
<div
  aria-hidden="true"
/>
`;

exports[`the ConnectionOptionsDialog component when not connected to a room should render correctly 1`] = `
<div
  aria-hidden="true"
/>
`;

exports[`the ConnectionOptionsDialog component when not connected to a room when connected to a room should render correctly 1`] = `
<div
  aria-hidden="true"
/>
`;
